// Vitest Snapshot v1

exports[`Mount component 1`] = `"<div class=\\"v-tab horizontal\\" data-v-964c7244=\\"\\">Slot Content</div>"`;
